Archive member included to satisfy reference by file (symbol)

C:/Users/ponsg/OneDrive/Desktop/STM32CubeIDE_1.16.1/STM32CubeIDE/plugins/com.st.stm32cube.ide.mcu.externaltools.gnu-tools-for-stm32.12.3.rel1.win32_1.0.200.202406191623/tools/bin/../lib/gcc/arm-none-eabi/12.3.1/../../../../arm-none-eabi/lib/thumb/v7-m/nofp\libc_nano.a(libc_a-exit.o)
                              C:/Users/ponsg/OneDrive/Desktop/STM32CubeIDE_1.16.1/STM32CubeIDE/plugins/com.st.stm32cube.ide.mcu.externaltools.gnu-tools-for-stm32.12.3.rel1.win32_1.0.200.202406191623/tools/bin/../lib/gcc/arm-none-eabi/12.3.1/../../../../arm-none-eabi/lib/thumb/v7-m/nofp/crt0.o (exit)
C:/Users/ponsg/OneDrive/Desktop/STM32CubeIDE_1.16.1/STM32CubeIDE/plugins/com.st.stm32cube.ide.mcu.externaltools.gnu-tools-for-stm32.12.3.rel1.win32_1.0.200.202406191623/tools/bin/../lib/gcc/arm-none-eabi/12.3.1/../../../../arm-none-eabi/lib/thumb/v7-m/nofp\libc_nano.a(libc_a-findfp.o)
                              C:/Users/ponsg/OneDrive/Desktop/STM32CubeIDE_1.16.1/STM32CubeIDE/plugins/com.st.stm32cube.ide.mcu.externaltools.gnu-tools-for-stm32.12.3.rel1.win32_1.0.200.202406191623/tools/bin/../lib/gcc/arm-none-eabi/12.3.1/../../../../arm-none-eabi/lib/thumb/v7-m/nofp\libc_nano.a(libc_a-exit.o) (__stdio_exit_handler)
C:/Users/ponsg/OneDrive/Desktop/STM32CubeIDE_1.16.1/STM32CubeIDE/plugins/com.st.stm32cube.ide.mcu.externaltools.gnu-tools-for-stm32.12.3.rel1.win32_1.0.200.202406191623/tools/bin/../lib/gcc/arm-none-eabi/12.3.1/../../../../arm-none-eabi/lib/thumb/v7-m/nofp\libc_nano.a(libc_a-fwalk.o)
                              C:/Users/ponsg/OneDrive/Desktop/STM32CubeIDE_1.16.1/STM32CubeIDE/plugins/com.st.stm32cube.ide.mcu.externaltools.gnu-tools-for-stm32.12.3.rel1.win32_1.0.200.202406191623/tools/bin/../lib/gcc/arm-none-eabi/12.3.1/../../../../arm-none-eabi/lib/thumb/v7-m/nofp\libc_nano.a(libc_a-findfp.o) (_fwalk_sglue)
C:/Users/ponsg/OneDrive/Desktop/STM32CubeIDE_1.16.1/STM32CubeIDE/plugins/com.st.stm32cube.ide.mcu.externaltools.gnu-tools-for-stm32.12.3.rel1.win32_1.0.200.202406191623/tools/bin/../lib/gcc/arm-none-eabi/12.3.1/../../../../arm-none-eabi/lib/thumb/v7-m/nofp\libc_nano.a(libc_a-stdio.o)
                              C:/Users/ponsg/OneDrive/Desktop/STM32CubeIDE_1.16.1/STM32CubeIDE/plugins/com.st.stm32cube.ide.mcu.externaltools.gnu-tools-for-stm32.12.3.rel1.win32_1.0.200.202406191623/tools/bin/../lib/gcc/arm-none-eabi/12.3.1/../../../../arm-none-eabi/lib/thumb/v7-m/nofp\libc_nano.a(libc_a-findfp.o) (__sread)
C:/Users/ponsg/OneDrive/Desktop/STM32CubeIDE_1.16.1/STM32CubeIDE/plugins/com.st.stm32cube.ide.mcu.externaltools.gnu-tools-for-stm32.12.3.rel1.win32_1.0.200.202406191623/tools/bin/../lib/gcc/arm-none-eabi/12.3.1/../../../../arm-none-eabi/lib/thumb/v7-m/nofp\libc_nano.a(libc_a-memset.o)
                              C:/Users/ponsg/OneDrive/Desktop/STM32CubeIDE_1.16.1/STM32CubeIDE/plugins/com.st.stm32cube.ide.mcu.externaltools.gnu-tools-for-stm32.12.3.rel1.win32_1.0.200.202406191623/tools/bin/../lib/gcc/arm-none-eabi/12.3.1/../../../../arm-none-eabi/lib/thumb/v7-m/nofp/crt0.o (memset)
C:/Users/ponsg/OneDrive/Desktop/STM32CubeIDE_1.16.1/STM32CubeIDE/plugins/com.st.stm32cube.ide.mcu.externaltools.gnu-tools-for-stm32.12.3.rel1.win32_1.0.200.202406191623/tools/bin/../lib/gcc/arm-none-eabi/12.3.1/../../../../arm-none-eabi/lib/thumb/v7-m/nofp\libc_nano.a(libc_a-closer.o)
                              C:/Users/ponsg/OneDrive/Desktop/STM32CubeIDE_1.16.1/STM32CubeIDE/plugins/com.st.stm32cube.ide.mcu.externaltools.gnu-tools-for-stm32.12.3.rel1.win32_1.0.200.202406191623/tools/bin/../lib/gcc/arm-none-eabi/12.3.1/../../../../arm-none-eabi/lib/thumb/v7-m/nofp\libc_nano.a(libc_a-stdio.o) (_close_r)
C:/Users/ponsg/OneDrive/Desktop/STM32CubeIDE_1.16.1/STM32CubeIDE/plugins/com.st.stm32cube.ide.mcu.externaltools.gnu-tools-for-stm32.12.3.rel1.win32_1.0.200.202406191623/tools/bin/../lib/gcc/arm-none-eabi/12.3.1/../../../../arm-none-eabi/lib/thumb/v7-m/nofp\libc_nano.a(libc_a-reent.o)
                              C:/Users/ponsg/OneDrive/Desktop/STM32CubeIDE_1.16.1/STM32CubeIDE/plugins/com.st.stm32cube.ide.mcu.externaltools.gnu-tools-for-stm32.12.3.rel1.win32_1.0.200.202406191623/tools/bin/../lib/gcc/arm-none-eabi/12.3.1/../../../../arm-none-eabi/lib/thumb/v7-m/nofp\libc_nano.a(libc_a-closer.o) (errno)
C:/Users/ponsg/OneDrive/Desktop/STM32CubeIDE_1.16.1/STM32CubeIDE/plugins/com.st.stm32cube.ide.mcu.externaltools.gnu-tools-for-stm32.12.3.rel1.win32_1.0.200.202406191623/tools/bin/../lib/gcc/arm-none-eabi/12.3.1/../../../../arm-none-eabi/lib/thumb/v7-m/nofp\libc_nano.a(libc_a-impure.o)
                              C:/Users/ponsg/OneDrive/Desktop/STM32CubeIDE_1.16.1/STM32CubeIDE/plugins/com.st.stm32cube.ide.mcu.externaltools.gnu-tools-for-stm32.12.3.rel1.win32_1.0.200.202406191623/tools/bin/../lib/gcc/arm-none-eabi/12.3.1/../../../../arm-none-eabi/lib/thumb/v7-m/nofp\libc_nano.a(libc_a-reent.o) (_impure_ptr)
[...]
Memory Configuration

Name             Origin             Length             Attributes
RAM              0x20000000         0x00014000         xrw
FLASH            0x08000000         0x00080000         xr
*default*        0x00000000         0xffffffff

Linker script and memory map

LOAD C:/Users/ponsg/OneDrive/Desktop/STM32CubeIDE_1.16.1/STM32CubeIDE/plugins/com.st.stm32cube.ide.mcu.externaltools.gnu-tools-for-stm32.12.3.rel1.win32_1.0.200.202406191623/tools/bin/../lib/gcc/arm-none-eabi/12.3.1/thumb/v7-m/nofp/crti.o
LOAD C:/Users/ponsg/OneDrive/Desktop/STM32CubeIDE_1.16.1/STM32CubeIDE/plugins/com.st.stm32cube.ide.mcu.externaltools.gnu-tools-for-stm32.12.3.rel1.win32_1.0.200.202406191623/tools/bin/../lib/gcc/arm-none-eabi/12.3.1/thumb/v7-m/nofp/crtbegin.o
LOAD C:/Users/ponsg/OneDrive/Desktop/STM32CubeIDE_1.16.1/STM32CubeIDE/plugins/com.st.stm32cube.ide.mcu.externaltools.gnu-tools-for-stm32.12.3.rel1.win32_1.0.200.202406191623/tools/bin/../lib/gcc/arm-none-eabi/12.3.1/../../../../arm-none-eabi/lib/thumb/v7-m/nofp/crt0.o
LOAD ./Core/Src/main.o
LOAD ./Core/Src/stm32l1xx_hal_msp.o
LOAD ./Core/Src/stm32l1xx_it.o
LOAD ./Core/Src/syscalls.o
LOAD ./Core/Src/sysmem.o
LOAD ./Core/Src/system_stm32l1xx.o
LOAD ./Core/Startup/startup_stm32l152retx.o
LOAD ./Drivers/STM32L1xx_HAL_Driver/Src/stm32l1xx_hal.o
LOAD ./Drivers/STM32L1xx_HAL_Driver/Src/stm32l1xx_hal_adc.o
LOAD ./Drivers/STM32L1xx_HAL_Driver/Src/stm32l1xx_hal_adc_ex.o
LOAD ./Drivers/STM32L1xx_HAL_Driver/Src/stm32l1xx_hal_cortex.o
LOAD ./Drivers/STM32L1xx_HAL_Driver/Src/stm32l1xx_hal_dma.o
LOAD ./Drivers/STM32L1xx_HAL_Driver/Src/stm32l1xx_hal_exti.o
LOAD ./Drivers/STM32L1xx_HAL_Driver/Src/stm32l1xx_hal_flash.o
LOAD ./Drivers/STM32L1xx_HAL_Driver/Src/stm32l1xx_hal_flash_ex.o
LOAD ./Drivers/STM32L1xx_HAL_Driver/Src/stm32l1xx_hal_flash_ramfunc.o
LOAD ./Drivers/STM32L1xx_HAL_Driver/Src/stm32l1xx_hal_gpio.o
LOAD ./Drivers/STM32L1xx_HAL_Driver/Src/stm32l1xx_hal_pwr.o
LOAD ./Drivers/STM32L1xx_HAL_Driver/Src/stm32l1xx_hal_pwr_ex.o
LOAD ./Drivers/STM32L1xx_HAL_Driver/Src/stm32l1xx_hal_rcc.o
LOAD ./Drivers/STM32L1xx_HAL_Driver/Src/stm32l1xx_hal_rcc_ex.o
LOAD ./Drivers/STM32L1xx_HAL_Driver/Src/stm32l1xx_hal_tim.o
LOAD ./Drivers/STM32L1xx_HAL_Driver/Src/stm32l1xx_hal_tim_ex.o
LOAD ./Drivers/STM32L1xx_HAL_Driver/Src/stm32l1xx_hal_uart.o
START GROUP
LOAD C:/Users/ponsg/OneDrive/Desktop/STM32CubeIDE_1.16.1/STM32CubeIDE/plugins/com.st.stm32cube.ide.mcu.externaltools.gnu-tools-for-stm32.12.3.rel1.win32_1.0.200.202406191623/tools/bin/../lib/gcc/arm-none-eabi/12.3.1/../../../../arm-none-eabi/lib/thumb/v7-m/nofp\libc_nano.a
LOAD C:/Users/ponsg/OneDrive/Desktop/STM32CubeIDE_1.16.1/STM32CubeIDE/plugins/com.st.stm32cube.ide.mcu.externaltools.gnu-tools-for-stm32.12.3.rel1.win32_1.0.200.202406191623/tools/bin/../lib/gcc/arm-none-eabi/12.3.1/../../../../arm-none-eabi/lib/thumb/v7-m/nofp\libm.a
END GROUP
START GROUP
LOAD C:/Users/ponsg/OneDrive/Desktop/STM32CubeIDE_1.16.1/STM32CubeIDE/plugins/com.st.stm32cube.ide.mcu.externaltools.gnu-tools-for-stm32.12.3.rel1.win32_1.0.200.202406191623/tools/bin/../lib/gcc/arm-none-eabi/12.3.1/thumb/v7-m/nofp\libgcc.a
LOAD C:/Users/ponsg/OneDrive/Desktop/STM32CubeIDE_1.16.1/STM32CubeIDE/plugins/com.st.stm32cube.ide.mcu.externaltools.gnu-tools-for-stm32.12.3.rel1.win32_1.0.200.202406191623/tools/bin/../lib/gcc/arm-none-eabi/12.3.1/../../../../arm-none-eabi/lib/thumb/v7-m/nofp\libc_nano.a
END GROUP
START GROUP
LOAD C:/Users/ponsg/OneDrive/Desktop/STM32CubeIDE_1.16.1/STM32CubeIDE/plugins/com.st.stm32cube.ide.mcu.externaltools.gnu-tools-for-stm32.12.3.rel1.win32_1.0.200.202406191623/tools/bin/../lib/gcc/arm-none-eabi/12.3.1/thumb/v7-m/nofp\libgcc.a
LOAD C:/Users/ponsg/OneDrive/Desktop/STM32CubeIDE_1.16.1/STM32CubeIDE/plugins/com.st.stm32cube.ide.mcu.externaltools.gnu-tools-for-stm32.12.3.rel1.win32_1.0.200.202406191623/tools/bin/../lib/gcc/arm-none-eabi/12.3.1/../../../../arm-none-eabi/lib/thumb/v7-m/nofp\libc_nano.a
LOAD C:/Users/ponsg/OneDrive/Desktop/STM32CubeIDE_1.16.1/STM32CubeIDE/plugins/com.st.stm32cube.ide.mcu.externaltools.gnu-tools-for-stm32.12.3.rel1.win32_1.0.200.202406191623/tools/bin/../lib/gcc/arm-none-eabi/12.3.1/../../../../arm-none-eabi/lib/thumb/v7-m/nofp\libnosys.a
END GROUP
START GROUP
LOAD C:/Users/ponsg/OneDrive/Desktop/STM32CubeIDE_1.16.1/STM32CubeIDE/plugins/com.st.stm32cube.ide.mcu.externaltools.gnu-tools-for-stm32.12.3.rel1.win32_1.0.200.202406191623/tools/bin/../lib/gcc/arm-none-eabi/12.3.1/thumb/v7-m/nofp\libgcc.a
LOAD C:/Users/ponsg/OneDrive/Desktop/STM32CubeIDE_1.16.1/STM32CubeIDE/plugins/com.st.stm32cube.ide.mcu.externaltools.gnu-tools-for-stm32.12.3.rel1.win32_1.0.200.202406191623/tools/bin/../lib/gcc/arm-none-eabi/12.3.1/../../../../arm-none-eabi/lib/thumb/v7-m/nofp\libc_nano.a
LOAD C:/Users/ponsg/OneDrive/Desktop/STM32CubeIDE_1.16.1/STM32CubeIDE/plugins/com.st.stm32cube.ide.mcu.externaltools.gnu-tools-for-stm32.12.3.rel1.win32_1.0.200.202406191623/tools/bin/../lib/gcc/arm-none-eabi/12.3.1/../../../../arm-none-eabi/lib/thumb/v7-m/nofp\libnosys.a
END GROUP
LOAD C:/Users/ponsg/OneDrive/Desktop/STM32CubeIDE_1.16.1/STM32CubeIDE/plugins/com.st.stm32cube.ide.mcu.externaltools.gnu-tools-for-stm32.12.3.rel1.win32_1.0.200.202406191623/tools/bin/../lib/gcc/arm-none-eabi/12.3.1/thumb/v7-m/nofp/crtend.o
LOAD C:/Users/ponsg/OneDrive/Desktop/STM32CubeIDE_1.16.1/STM32CubeIDE/plugins/com.st.stm32cube.ide.mcu.externaltools.gnu-tools-for-stm32.12.3.rel1.win32_1.0.200.202406191623/tools/bin/../lib/gcc/arm-none-eabi/12.3.1/thumb/v7-m/nofp/crtn.o
                0x20014000                        _estack = (ORIGIN (RAM) + LENGTH (RAM))
                0x00000200                        _Min_Heap_Size = 0x200
                0x00000400                        _Min_Stack_Size = 0x400

.isr_vector     0x08000000      0x13c
                0x08000000                        . = ALIGN (0x4)
 *(.isr_vector)
 .isr_vector    0x08000000      0x13c ./Core/Startup/startup_stm32l152retx.o
                0x08000000                g_pfnVectors
                0x0800013c                        . = ALIGN (0x4)

.text           0x0800013c     0x55c4
                0x0800013c                        . = ALIGN (0x4)
 *(.text)
 .text          0x0800013c       0x40 C:/Users/ponsg/OneDrive/Desktop/STM32CubeIDE_1.16.1/STM32CubeIDE/plugins/com.st.stm32cube.ide.mcu.externaltools.gnu-tools-for-stm32.12.3.rel1.win32_1.0.200.202406191623/tools/bin/../lib/gcc/arm-none-eabi/12.3.1/thumb/v7-m/nofp/crtbegin.o
 .text          0x0800017c       0x30 C:/Users/ponsg/OneDrive/Desktop/STM32CubeIDE_1.16.1/STM32CubeIDE/plugins/com.st.stm32cube.ide.mcu.externaltools.gnu-tools-for-stm32.12.3.rel1.win32_1.0.200.202406191623/tools/bin/../lib/gcc/arm-none-eabi/12.3.1/thumb/v7-m/nofp\libgcc.a(_aeabi_uldivmod.o)
                0x0800017c                __aeabi_uldivmod
 .text          0x080001ac      0x2b8 C:/Users/ponsg/OneDrive/Desktop/STM32CubeIDE_1.16.1/STM32CubeIDE/plugins/com.st.stm32cube.ide.mcu.externaltools.gnu-tools-for-stm32.12.3.rel1.win32_1.0.200.202406191623/tools/bin/../lib/gcc/arm-none-eabi/12.3.1/thumb/v7-m/nofp\libgcc.a(_udivmoddi4.o)
                0x080001ac                __udivmoddi4
 .text          0x08000464        0x4 C:/Users/ponsg/OneDrive/Desktop/STM32CubeIDE_1.16.1/STM32CubeIDE/plugins/com.st.stm32cube.ide.mcu.externaltools.gnu-tools-for-stm32.12.3.rel1.win32_1.0.200.202406191623/tools/bin/../lib/gcc/arm-none-eabi/12.3.1/thumb/v7-m/nofp\libgcc.a(_dvmd_tls.o)
                0x08000464                __aeabi_idiv0
                0x08000464                __aeabi_ldiv0
 *(.text*)
 .text.motors_forward
                0x08000468       0x40 ./Core/Src/main.o
                0x08000468                motors_forward
 .text.motors_backward
                0x080004a8       0x40 ./Core/Src/main.o
                0x080004a8                motors_backward
 .text.motors_turn_right
                0x080004e8       0x40 ./Core/Src/main.o
                0x080004e8                motors_turn_right
 .text.motors_turn_left
                0x08000528       0x40 ./Core/Src/main.o
                0x08000528                motors_turn_left
 .text.motors_stop
                0x08000568       0x38 ./Core/Src/main.o
                0x08000568                motors_stop
 .text.HAL_TIM_PeriodElapsedCallback
                0x080005a0       0x90 ./Core/Src/main.o
                0x080005a0                HAL_TIM_PeriodElapsedCallback
 .text.HAL_UART_RxCpltCallback
                0x08000630      0x1a4 ./Core/Src/main.o
                0x08000630                HAL_UART_RxCpltCallback
 .text.HAL_TIM_IC_CaptureCallback
                0x080007d4      0x168 ./Core/Src/main.o
                0x080007d4                HAL_TIM_IC_CaptureCallback
 .text.HCSR04_Start
                0x0800093c       0x1c ./Core/Src/main.o
                0x0800093c                HCSR04_Start
 .text.main     0x08000958       0xd4 ./Core/Src/main.o
                0x08000958                main
 .text.SystemClock_Config
                0x08000a2c       0x9c ./Core/Src/main.o
                0x08000a2c                SystemClock_Config
 .text.MX_ADC_Init
                0x08000ac8       0xb4 ./Core/Src/main.o
 .text.MX_TIM2_Init
                0x08000b7c      0x124 ./Core/Src/main.o
 .text.MX_TIM3_Init
                0x08000ca0      0x11c ./Core/Src/main.o
 .text.MX_TIM4_Init
                0x08000dbc       0xe8 ./Core/Src/main.o
 .text.MX_USART1_UART_Init
                0x08000ea4       0x54 ./Core/Src/main.o
 .text.MX_GPIO_Init
                0x08000ef8       0xf8 ./Core/Src/main.o
 .text.Error_Handler
                0x08000ff0        0xc ./Core/Src/main.o
                0x08000ff0                Error_Handler
 .text.HAL_MspInit
                0x08000ffc       0x60 ./Core/Src/stm32l1xx_hal_msp.o
                0x08000ffc                HAL_MspInit
 .text.HAL_ADC_MspInit
                0x0800105c       0x80 ./Core/Src/stm32l1xx_hal_msp.o
                0x0800105c                HAL_ADC_MspInit
 .text.HAL_TIM_Base_MspInit
                0x080010dc      0x104 ./Core/Src/stm32l1xx_hal_msp.o
                0x080010dc                HAL_TIM_Base_MspInit
 .text.HAL_TIM_MspPostInit
                0x080011e0      0x130 ./Core/Src/stm32l1xx_hal_msp.o
                0x080011e0                HAL_TIM_MspPostInit
 .text.HAL_UART_MspInit
                0x08001310       0x98 ./Core/Src/stm32l1xx_hal_msp.o
                0x08001310                HAL_UART_MspInit
 .text.NMI_Handler
                0x080013a8        0x8 ./Core/Src/stm32l1xx_it.o
                0x080013a8                NMI_Handler
 .text.HardFault_Handler
                0x080013b0        0x8 ./Core/Src/stm32l1xx_it.o
                0x080013b0                HardFault_Handler
 .text.MemManage_Handler
                0x080013b8        0x8 ./Core/Src/stm32l1xx_it.o
                0x080013b8                MemManage_Handler
 .text.BusFault_Handler
                0x080013c0        0x8 ./Core/Src/stm32l1xx_it.o
                0x080013c0                BusFault_Handler
 .text.UsageFault_Handler
                0x080013c8        0x8 ./Core/Src/stm32l1xx_it.o
                0x080013c8                UsageFault_Handler
 .text.SVC_Handler
                0x080013d0        0xc ./Core/Src/stm32l1xx_it.o
                0x080013d0                SVC_Handler
 .text.DebugMon_Handler
                0x080013dc        0xc ./Core/Src/stm32l1xx_it.o
                0x080013dc                DebugMon_Handler
 .text.PendSV_Handler
                0x080013e8        0xc ./Core/Src/stm32l1xx_it.o
                0x080013e8                PendSV_Handler
 .text.SysTick_Handler
                0x080013f4        0xc ./Core/Src/stm32l1xx_it.o
                0x080013f4                SysTick_Handler
 .text.TIM2_IRQHandler
                0x08001400       0x14 ./Core/Src/stm32l1xx_it.o
                0x08001400                TIM2_IRQHandler
 .text.TIM3_IRQHandler
                0x08001414       0x14 ./Core/Src/stm32l1xx_it.o
                0x08001414                TIM3_IRQHandler
 .text.TIM4_IRQHandler
                0x08001428       0x14 ./Core/Src/stm32l1xx_it.o
                0x08001428                TIM4_IRQHandler
 .text.USART1_IRQHandler
                0x0800143c       0x14 ./Core/Src/stm32l1xx_it.o
                0x0800143c                USART1_IRQHandler
 .text.SystemInit
                0x08001450        0xc ./Core/Src/system_stm32l1xx.o
                0x08001450                SystemInit
 .text.Reset_Handler
                0x0800145c       0x48 ./Core/Startup/startup_stm32l152retx.o
                0x0800145c                Reset_Handler
 .text.Default_Handler
                0x080014a4        0x2 ./Core/Startup/startup_stm32l152retx.o
                0x080014a4                RTC_Alarm_IRQHandler
                0x080014a4                EXTI2_IRQHandler
                0x080014a4                COMP_ACQ_IRQHandler
                0x080014a4                TIM10_IRQHandler
                0x080014a4                USB_HP_IRQHandler
                0x080014a4                TIM6_IRQHandler
                0x080014a4                PVD_IRQHandler
                0x080014a4                EXTI3_IRQHandler
                0x080014a4                EXTI0_IRQHandler
                0x080014a4                I2C2_EV_IRQHandler
                0x080014a4                SPI1_IRQHandler
                0x080014a4                USB_FS_WKUP_IRQHandler
                0x080014a4                DMA2_Channel2_IRQHandler
                0x080014a4                DMA1_Channel4_IRQHandler
                0x080014a4                ADC1_IRQHandler
                0x080014a4                USART3_IRQHandler
                0x080014a4                DMA1_Channel7_IRQHandler
                0x080014a4                LCD_IRQHandler
                0x080014a4                UART5_IRQHandler
                0x080014a4                DMA2_Channel1_IRQHandler
                0x080014a4                I2C1_EV_IRQHandler
                0x080014a4                DMA1_Channel6_IRQHandler
                0x080014a4                UART4_IRQHandler
                0x080014a4                DMA2_Channel4_IRQHandler
                0x080014a4                RCC_IRQHandler
                0x080014a4                DMA1_Channel1_IRQHandler
                0x080014a4                Default_Handler
                0x080014a4                EXTI15_10_IRQHandler
                0x080014a4                TIM7_IRQHandler
                0x080014a4                TIM5_IRQHandler
                0x080014a4                EXTI9_5_IRQHandler
                0x080014a4                TIM9_IRQHandler
                0x080014a4                TAMPER_STAMP_IRQHandler
                0x080014a4                RTC_WKUP_IRQHandler
                0x080014a4                SPI2_IRQHandler
                0x080014a4                DMA2_Channel5_IRQHandler
                0x080014a4                DMA1_Channel5_IRQHandler
                0x080014a4                USB_LP_IRQHandler
                0x080014a4                EXTI4_IRQHandler
                0x080014a4                DMA1_Channel3_IRQHandler
                0x080014a4                COMP_IRQHandler
                0x080014a4                WWDG_IRQHandler
                0x080014a4                DAC_IRQHandler
                0x080014a4                EXTI1_IRQHandler
                0x080014a4                TIM11_IRQHandler
                0x080014a4                USART2_IRQHandler
                0x080014a4                I2C2_ER_IRQHandler
                0x080014a4                DMA1_Channel2_IRQHandler
                0x080014a4                FLASH_IRQHandler
                0x080014a4                SPI3_IRQHandler
                0x080014a4                I2C1_ER_IRQHandler
                0x080014a4                DMA2_Channel3_IRQHandler
 .text.HAL_Init
                0x080014a6       0x30 ./Drivers/STM32L1xx_HAL_Driver/Src/stm32l1xx_hal.o
                0x080014a6                HAL_Init
 *fill*         0x080014d6        0x2 
 .text.HAL_InitTick
                0x080014d8       0x74 ./Drivers/STM32L1xx_HAL_Driver/Src/stm32l1xx_hal.o
                0x080014d8                HAL_InitTick
 .text.HAL_IncTick
                0x0800154c       0x24 ./Drivers/STM32L1xx_HAL_Driver/Src/stm32l1xx_hal.o
                0x0800154c                HAL_IncTick
 .text.HAL_GetTick
                0x08001570       0x14 ./Drivers/STM32L1xx_HAL_Driver/Src/stm32l1xx_hal.o
                0x08001570                HAL_GetTick
 .text.HAL_ADC_Init
                0x08001584      0x28c ./Drivers/STM32L1xx_HAL_Driver/Src/stm32l1xx_hal_adc.o
                0x08001584                HAL_ADC_Init
 .text.HAL_ADC_Start
                0x08001810       0xc0 ./Drivers/STM32L1xx_HAL_Driver/Src/stm32l1xx_hal_adc.o
                0x08001810                HAL_ADC_Start
 .text.HAL_ADC_Stop
                0x080018d0       0x58 ./Drivers/STM32L1xx_HAL_Driver/Src/stm32l1xx_hal_adc.o
                0x080018d0                HAL_ADC_Stop
 .text.HAL_ADC_PollForConversion
                0x08001928      0x120 ./Drivers/STM32L1xx_HAL_Driver/Src/stm32l1xx_hal_adc.o
                0x08001928                HAL_ADC_PollForConversion
 .text.HAL_ADC_GetValue
                0x08001a48       0x18 ./Drivers/STM32L1xx_HAL_Driver/Src/stm32l1xx_hal_adc.o
                0x08001a48                HAL_ADC_GetValue
 .text.HAL_ADC_ConfigChannel
                0x08001a60      0x2d8 ./Drivers/STM32L1xx_HAL_Driver/Src/stm32l1xx_hal_adc.o
                0x08001a60                HAL_ADC_ConfigChannel
 .text.ADC_Enable
                0x08001d38       0xb8 ./Drivers/STM32L1xx_HAL_Driver/Src/stm32l1xx_hal_adc.o
                0x08001d38                ADC_Enable
 .text.ADC_ConversionStop_Disable
                0x08001df0       0x82 ./Drivers/STM32L1xx_HAL_Driver/Src/stm32l1xx_hal_adc.o
                0x08001df0                ADC_ConversionStop_Disable
 *fill*         0x08001e72        0x2 
 .text.__NVIC_SetPriorityGrouping
                0x08001e74       0x48 ./Drivers/STM32L1xx_HAL_Driver/Src/stm32l1xx_hal_cortex.o
 .text.__NVIC_GetPriorityGrouping
                0x08001ebc       0x1c ./Drivers/STM32L1xx_HAL_Driver/Src/stm32l1xx_hal_cortex.o
 .text.__NVIC_EnableIRQ
                0x08001ed8       0x38 ./Drivers/STM32L1xx_HAL_Driver/Src/stm32l1xx_hal_cortex.o
 .text.__NVIC_SetPriority
                0x08001f10       0x54 ./Drivers/STM32L1xx_HAL_Driver/Src/stm32l1xx_hal_cortex.o
 .text.NVIC_EncodePriority
                0x08001f64       0x64 ./Drivers/STM32L1xx_HAL_Driver/Src/stm32l1xx_hal_cortex.o
 .text.SysTick_Config
                0x08001fc8       0x44 ./Drivers/STM32L1xx_HAL_Driver/Src/stm32l1xx_hal_cortex.o
 .text.HAL_NVIC_SetPriorityGrouping
                0x0800200c       0x16 ./Drivers/STM32L1xx_HAL_Driver/Src/stm32l1xx_hal_cortex.o
                0x0800200c                HAL_NVIC_SetPriorityGrouping
 .text.HAL_NVIC_SetPriority
                0x08002022       0x38 ./Drivers/STM32L1xx_HAL_Driver/Src/stm32l1xx_hal_cortex.o
                0x08002022                HAL_NVIC_SetPriority
 .text.HAL_NVIC_EnableIRQ
                0x0800205a       0x1c ./Drivers/STM32L1xx_HAL_Driver/Src/stm32l1xx_hal_cortex.o
                0x0800205a                HAL_NVIC_EnableIRQ
 .text.HAL_SYSTICK_Config
                0x08002076       0x18 ./Drivers/STM32L1xx_HAL_Driver/Src/stm32l1xx_hal_cortex.o
                0x08002076                HAL_SYSTICK_Config
 .text.HAL_DMA_Abort
                0x0800208e       0x7a ./Drivers/STM32L1xx_HAL_Driver/Src/stm32l1xx_hal_dma.o
                0x0800208e                HAL_DMA_Abort
 .text.HAL_DMA_Abort_IT
                0x08002108       0x82 ./Drivers/STM32L1xx_HAL_Driver/Src/stm32l1xx_hal_dma.o
                0x08002108                HAL_DMA_Abort_IT
 *fill*         0x0800218a        0x2 
 .text.HAL_GPIO_Init
                0x0800218c      0x320 ./Drivers/STM32L1xx_HAL_Driver/Src/stm32l1xx_hal_gpio.o
                0x0800218c                HAL_GPIO_Init
 .text.HAL_GPIO_WritePin
                0x080024ac       0x30 ./Drivers/STM32L1xx_HAL_Driver/Src/stm32l1xx_hal_gpio.o
                0x080024ac                HAL_GPIO_WritePin
 .text.HAL_RCC_OscConfig
                0x080024dc      0x660 ./Drivers/STM32L1xx_HAL_Driver/Src/stm32l1xx_hal_rcc.o
                0x080024dc                HAL_RCC_OscConfig
 .text.HAL_RCC_ClockConfig
                0x08002b3c      0x268 ./Drivers/STM32L1xx_HAL_Driver/Src/stm32l1xx_hal_rcc.o
                0x08002b3c                HAL_RCC_ClockConfig
 .text.HAL_RCC_GetSysClockFreq
                0x08002da4      0x200 ./Drivers/STM32L1xx_HAL_Driver/Src/stm32l1xx_hal_rcc.o
                0x08002da4                HAL_RCC_GetSysClockFreq
 .text.HAL_RCC_GetHCLKFreq
                0x08002fa4       0x14 ./Drivers/STM32L1xx_HAL_Driver/Src/stm32l1xx_hal_rcc.o
                0x08002fa4                HAL_RCC_GetHCLKFreq
 .text.HAL_RCC_GetPCLK1Freq
                0x08002fb8       0x28 ./Drivers/STM32L1xx_HAL_Driver/Src/stm32l1xx_hal_rcc.o
                0x08002fb8                HAL_RCC_GetPCLK1Freq
 .text.HAL_RCC_GetPCLK2Freq
                0x08002fe0       0x28 ./Drivers/STM32L1xx_HAL_Driver/Src/stm32l1xx_hal_rcc.o
                0x08002fe0                HAL_RCC_GetPCLK2Freq
 .text.RCC_SetFlashLatencyFromMSIRange
                0x08003008       0xc0 ./Drivers/STM32L1xx_HAL_Driver/Src/stm32l1xx_hal_rcc.o
 .text.HAL_TIM_Base_Init
                0x080030c8       0x7e ./Drivers/STM32L1xx_HAL_Driver/Src/stm32l1xx_hal_tim.o
                0x080030c8                HAL_TIM_Base_Init
 *fill*         0x08003146        0x2 
 .text.HAL_TIM_Base_Start_IT
                0x08003148       0xa4 ./Drivers/STM32L1xx_HAL_Driver/Src/stm32l1xx_hal_tim.o
                0x08003148                HAL_TIM_Base_Start_IT
 .text.HAL_TIM_OC_Init
                0x080031ec       0x7e ./Drivers/STM32L1xx_HAL_Driver/Src/stm32l1xx_hal_tim.o
                0x080031ec                HAL_TIM_OC_Init
 .text.HAL_TIM_OC_MspInit
                0x0800326a       0x12 ./Drivers/STM32L1xx_HAL_Driver/Src/stm32l1xx_hal_tim.o
                0x0800326a                HAL_TIM_OC_MspInit
 .text.HAL_TIM_OC_Start_IT
                0x0800327c      0x1c4 ./Drivers/STM32L1xx_HAL_Driver/Src/stm32l1xx_hal_tim.o
                0x0800327c                HAL_TIM_OC_Start_IT
 .text.HAL_TIM_OC_Stop_IT
                0x08003440      0x114 ./Drivers/STM32L1xx_HAL_Driver/Src/stm32l1xx_hal_tim.o
                0x08003440                HAL_TIM_OC_Stop_IT
 .text.HAL_TIM_PWM_Init
                0x08003554       0x7e ./Drivers/STM32L1xx_HAL_Driver/Src/stm32l1xx_hal_tim.o
                0x08003554                HAL_TIM_PWM_Init
 .text.HAL_TIM_PWM_MspInit
                0x080035d2       0x12 ./Drivers/STM32L1xx_HAL_Driver/Src/stm32l1xx_hal_tim.o
                0x080035d2                HAL_TIM_PWM_MspInit
 .text.HAL_TIM_PWM_Start
                0x080035e4      0x12c ./Drivers/STM32L1xx_HAL_Driver/Src/stm32l1xx_hal_tim.o
                0x080035e4                HAL_TIM_PWM_Start
 .text.HAL_TIM_IC_Init
                0x08003710       0x7e ./Drivers/STM32L1xx_HAL_Driver/Src/stm32l1xx_hal_tim.o
                0x08003710                HAL_TIM_IC_Init
 .text.HAL_TIM_IC_MspInit
                0x0800378e       0x12 ./Drivers/STM32L1xx_HAL_Driver/Src/stm32l1xx_hal_tim.o
                0x0800378e                HAL_TIM_IC_MspInit
 .text.HAL_TIM_IC_Start_IT
                0x080037a0      0x1a0 ./Drivers/STM32L1xx_HAL_Driver/Src/stm32l1xx_hal_tim.o
                0x080037a0                HAL_TIM_IC_Start_IT
 .text.HAL_TIM_IC_Stop_IT
                0x08003940      0x114 ./Drivers/STM32L1xx_HAL_Driver/Src/stm32l1xx_hal_tim.o
                0x08003940                HAL_TIM_IC_Stop_IT
 .text.HAL_TIM_IRQHandler
                0x08003a54      0x1b8 ./Drivers/STM32L1xx_HAL_Driver/Src/stm32l1xx_hal_tim.o
                0x08003a54                HAL_TIM_IRQHandler
 .text.HAL_TIM_OC_ConfigChannel
                0x08003c0c       0xb8 ./Drivers/STM32L1xx_HAL_Driver/Src/stm32l1xx_hal_tim.o
                0x08003c0c                HAL_TIM_OC_ConfigChannel
 .text.HAL_TIM_IC_ConfigChannel
                0x08003cc4      0x138 ./Drivers/STM32L1xx_HAL_Driver/Src/stm32l1xx_hal_tim.o
                0x08003cc4                HAL_TIM_IC_ConfigChannel
 .text.HAL_TIM_PWM_ConfigChannel
                0x08003dfc      0x184 ./Drivers/STM32L1xx_HAL_Driver/Src/stm32l1xx_hal_tim.o
                0x08003dfc                HAL_TIM_PWM_ConfigChannel
 .text.HAL_TIM_ConfigClockSource
                0x08003f80      0x18e ./Drivers/STM32L1xx_HAL_Driver/Src/stm32l1xx_hal_tim.o
                0x08003f80                HAL_TIM_ConfigClockSource
 *fill*         0x0800410e        0x2 
 .text.HAL_TIM_ReadCapturedValue
                0x08004110       0x88 ./Drivers/STM32L1xx_HAL_Driver/Src/stm32l1xx_hal_tim.o
                0x08004110                HAL_TIM_ReadCapturedValue
 .text.HAL_TIM_OC_DelayElapsedCallback
                0x08004198       0x12 ./Drivers/STM32L1xx_HAL_Driver/Src/stm32l1xx_hal_tim.o
                0x08004198                HAL_TIM_OC_DelayElapsedCallback
 .text.HAL_TIM_PWM_PulseFinishedCallback
                0x080041aa       0x12 ./Drivers/STM32L1xx_HAL_Driver/Src/stm32l1xx_hal_tim.o
                0x080041aa                HAL_TIM_PWM_PulseFinishedCallback
 .text.HAL_TIM_TriggerCallback
                0x080041bc       0x12 ./Drivers/STM32L1xx_HAL_Driver/Src/stm32l1xx_hal_tim.o
                0x080041bc                HAL_TIM_TriggerCallback
 *fill*         0x080041ce        0x2 
 .text.TIM_Base_SetConfig
                0x080041d0       0xe0 ./Drivers/STM32L1xx_HAL_Driver/Src/stm32l1xx_hal_tim.o
 .text.TIM_OC1_SetConfig
                0x080042b0       0x78 ./Drivers/STM32L1xx_HAL_Driver/Src/stm32l1xx_hal_tim.o
 .text.TIM_OC2_SetConfig
                0x08004328       0x7c ./Drivers/STM32L1xx_HAL_Driver/Src/stm32l1xx_hal_tim.o
 .text.TIM_OC3_SetConfig
                0x080043a4       0x7a ./Drivers/STM32L1xx_HAL_Driver/Src/stm32l1xx_hal_tim.o
 .text.TIM_OC4_SetConfig
                0x0800441e       0x7c ./Drivers/STM32L1xx_HAL_Driver/Src/stm32l1xx_hal_tim.o
 *fill*         0x0800449a        0x2 
 .text.TIM_TI1_SetConfig
                0x0800449c       0xc0 ./Drivers/STM32L1xx_HAL_Driver/Src/stm32l1xx_hal_tim.o
 .text.TIM_TI1_ConfigInputStage
                0x0800455c       0x5c ./Drivers/STM32L1xx_HAL_Driver/Src/stm32l1xx_hal_tim.o
 .text.TIM_TI2_SetConfig
                0x080045b8       0x78 ./Drivers/STM32L1xx_HAL_Driver/Src/stm32l1xx_hal_tim.o
 .text.TIM_TI2_ConfigInputStage
                0x08004630       0x5e ./Drivers/STM32L1xx_HAL_Driver/Src/stm32l1xx_hal_tim.o
 .text.TIM_TI3_SetConfig
                0x0800468e       0x76 ./Drivers/STM32L1xx_HAL_Driver/Src/stm32l1xx_hal_tim.o
 .text.TIM_TI4_SetConfig
                0x08004704       0x78 ./Drivers/STM32L1xx_HAL_Driver/Src/stm32l1xx_hal_tim.o
 .text.TIM_ITRx_SetConfig
                0x0800477c       0x34 ./Drivers/STM32L1xx_HAL_Driver/Src/stm32l1xx_hal_tim.o
 .text.TIM_ETR_SetConfig
                0x080047b0       0x3e ./Drivers/STM32L1xx_HAL_Driver/Src/stm32l1xx_hal_tim.o
 .text.TIM_CCxChannelCmd
                0x080047ee       0x48 ./Drivers/STM32L1xx_HAL_Driver/Src/stm32l1xx_hal_tim.o
 *fill*         0x08004836        0x2 
 .text.HAL_TIMEx_MasterConfigSynchronization
                0x08004838       0xbc ./Drivers/STM32L1xx_HAL_Driver/Src/stm32l1xx_hal_tim_ex.o
                0x08004838                HAL_TIMEx_MasterConfigSynchronization
 .text.HAL_UART_Init
                0x080048f4       0xa0 ./Drivers/STM32L1xx_HAL_Driver/Src/stm32l1xx_hal_uart.o
                0x080048f4                HAL_UART_Init
 .text.HAL_UART_Transmit
                0x08004994      0x106 ./Drivers/STM32L1xx_HAL_Driver/Src/stm32l1xx_hal_uart.o
                0x08004994                HAL_UART_Transmit
 .text.HAL_UART_Receive_IT
                0x08004a9a       0x4a ./Drivers/STM32L1xx_HAL_Driver/Src/stm32l1xx_hal_uart.o
                0x08004a9a                HAL_UART_Receive_IT
 .text.HAL_UART_IRQHandler
                0x08004ae4      0x524 ./Drivers/STM32L1xx_HAL_Driver/Src/stm32l1xx_hal_uart.o
                0x08004ae4                HAL_UART_IRQHandler
 .text.HAL_UART_TxCpltCallback
                0x08005008       0x12 ./Drivers/STM32L1xx_HAL_Driver/Src/stm32l1xx_hal_uart.o
                0x08005008                HAL_UART_TxCpltCallback
 .text.HAL_UART_ErrorCallback
                0x0800501a       0x12 ./Drivers/STM32L1xx_HAL_Driver/Src/stm32l1xx_hal_uart.o
                0x0800501a                HAL_UART_ErrorCallback
 .text.HAL_UARTEx_RxEventCallback
                0x0800502c       0x16 ./Drivers/STM32L1xx_HAL_Driver/Src/stm32l1xx_hal_uart.o
                0x0800502c                HAL_UARTEx_RxEventCallback
 .text.UART_WaitOnFlagUntilTimeout
                0x08005042       0xdc ./Drivers/STM32L1xx_HAL_Driver/Src/stm32l1xx_hal_uart.o
 .text.UART_Start_Receive_IT
                0x0800511e       0x72 ./Drivers/STM32L1xx_HAL_Driver/Src/stm32l1xx_hal_uart.o
                0x0800511e                UART_Start_Receive_IT
 .text.UART_EndRxTransfer
                0x08005190       0xc4 ./Drivers/STM32L1xx_HAL_Driver/Src/stm32l1xx_hal_uart.o
 .text.UART_DMAAbortOnError
                0x08005254       0x28 ./Drivers/STM32L1xx_HAL_Driver/Src/stm32l1xx_hal_uart.o
 .text.UART_Transmit_IT
                0x0800527c       0x9e ./Drivers/STM32L1xx_HAL_Driver/Src/stm32l1xx_hal_uart.o
 .text.UART_EndTransmit_IT
                0x0800531a       0x30 ./Drivers/STM32L1xx_HAL_Driver/Src/stm32l1xx_hal_uart.o
 .text.UART_Receive_IT
                0x0800534a      0x17c ./Drivers/STM32L1xx_HAL_Driver/Src/stm32l1xx_hal_uart.o
 *fill*         0x080054c6        0x2 
 .text.UART_SetConfig
                0x080054c8      0x1c8 ./Drivers/STM32L1xx_HAL_Driver/Src/stm32l1xx_hal_uart.o
 .text.memset   0x08005690       0x10 C:/Users/ponsg/OneDrive/Desktop/STM32CubeIDE_1.16.1/STM32CubeIDE/plugins/com.st.stm32cube.ide.mcu.externaltools.gnu-tools-for-stm32.12.3.rel1.win32_1.0.200.202406191623/tools/bin/../lib/gcc/arm-none-eabi/12.3.1/../../../../arm-none-eabi/lib/thumb/v7-m/nofp\libc_nano.a(libc_a-memset.o)
                0x08005690                memset
 .text.__libc_init_array
                0x080056a0       0x48 C:/Users/ponsg/OneDrive/Desktop/STM32CubeIDE_1.16.1/STM32CubeIDE/plugins/com.st.stm32cube.ide.mcu.externaltools.gnu-tools-for-stm32.12.3.rel1.win32_1.0.200.202406191623/tools/bin/../lib/gcc/arm-none-eabi/12.3.1/../../../../arm-none-eabi/lib/thumb/v7-m/nofp\libc_nano.a(libc_a-init.o)
                0x080056a0                __libc_init_array
 *(.glue_7)
 .glue_7        0x080056e8        0x0 linker stubs
 *(.glue_7t)
 .glue_7t       0x080056e8        0x0 linker stubs
 *(.eh_frame)
 .eh_frame      0x080056e8        0x0 C:/Users/ponsg/OneDrive/Desktop/STM32CubeIDE_1.16.1/STM32CubeIDE/plugins/com.st.stm32cube.ide.mcu.externaltools.gnu-tools-for-stm32.12.3.rel1.win32_1.0.200.202406191623/tools/bin/../lib/gcc/arm-none-eabi/12.3.1/thumb/v7-m/nofp/crtbegin.o
 *(.init)
 .init          0x080056e8        0x4 C:/Users/ponsg/OneDrive/Desktop/STM32CubeIDE_1.16.1/STM32CubeIDE/plugins/com.st.stm32cube.ide.mcu.externaltools.gnu-tools-for-stm32.12.3.rel1.win32_1.0.200.202406191623/tools/bin/../lib/gcc/arm-none-eabi/12.3.1/thumb/v7-m/nofp/crti.o
                0x080056e8                _init
 .init          0x080056ec        0x8 C:/Users/ponsg/OneDrive/Desktop/STM32CubeIDE_1.16.1/STM32CubeIDE/plugins/com.st.stm32cube.ide.mcu.externaltools.gnu-tools-for-stm32.12.3.rel1.win32_1.0.200.202406191623/tools/bin/../lib/gcc/arm-none-eabi/12.3.1/thumb/v7-m/nofp/crtn.o
 *(.fini)
 .fini          0x080056f4        0x4 C:/Users/ponsg/OneDrive/Desktop/STM32CubeIDE_1.16.1/STM32CubeIDE/plugins/com.st.stm32cube.ide.mcu.externaltools.gnu-tools-for-stm32.12.3.rel1.win32_1.0.200.202406191623/tools/bin/../lib/gcc/arm-none-eabi/12.3.1/thumb/v7-m/nofp/crti.o
                0x080056f4                _fini
 .fini          0x080056f8        0x8 C:/Users/ponsg/OneDrive/Desktop/STM32CubeIDE_1.16.1/STM32CubeIDE/plugins/com.st.stm32cube.ide.mcu.externaltools.gnu-tools-for-stm32.12.3.rel1.win32_1.0.200.202406191623/tools/bin/../lib/gcc/arm-none-eabi/12.3.1/thumb/v7-m/nofp/crtn.o
                0x08005700                        . = ALIGN (0x4)
                0x08005700                        _etext = .

.vfp11_veneer   0x08005700        0x0
 .vfp11_veneer  0x08005700        0x0 linker stubs

.v4_bx          0x08005700        0x0
 .v4_bx         0x08005700        0x0 linker stubs

.iplt           0x08005700        0x0
 .iplt          0x08005700        0x0 C:/Users/ponsg/OneDrive/Desktop/STM32CubeIDE_1.16.1/STM32CubeIDE/plugins/com.st.stm32cube.ide.mcu.externaltools.gnu-tools-for-stm32.12.3.rel1.win32_1.0.200.202406191623/tools/bin/../lib/gcc/arm-none-eabi/12.3.1/thumb/v7-m/nofp/crtbegin.o

.rodata         0x08005700       0x48
                0x08005700                        . = ALIGN (0x4)
 *(.rodata)
 .rodata        0x08005700       0x21 ./Core/Src/main.o
 *(.rodata*)
 *fill*         0x08005721        0x3 
 .rodata.PLLMulTable
                0x08005724        0x9 ./Core/Src/system_stm32l1xx.o
                0x08005724                PLLMulTable
 *fill*         0x0800572d        0x3 
 .rodata.AHBPrescTable
                0x08005730       0x10 ./Core/Src/system_stm32l1xx.o
                0x08005730                AHBPrescTable
 .rodata.APBPrescTable
                0x08005740        0x8 ./Core/Src/system_stm32l1xx.o
                0x08005740                APBPrescTable
                0x08005748                        . = ALIGN (0x4)

.ARM.extab      0x08005748        0x0
                0x08005748                        . = ALIGN (0x4)
 *(.ARM.extab* .gnu.linkonce.armextab.*)
                0x08005748                        . = ALIGN (0x4)

.ARM            0x08005748        0x8
                0x08005748                        . = ALIGN (0x4)
                0x08005748                        __exidx_start = .
 *(.ARM.exidx*)
 .ARM.exidx     0x08005748        0x8 C:/Users/ponsg/OneDrive/Desktop/STM32CubeIDE_1.16.1/STM32CubeIDE/plugins/com.st.stm32cube.ide.mcu.externaltools.gnu-tools-for-stm32.12.3.rel1.win32_1.0.200.202406191623/tools/bin/../lib/gcc/arm-none-eabi/12.3.1/thumb/v7-m/nofp\libgcc.a(_udivmoddi4.o)
                0x08005750                        __exidx_end = .
                0x08005750                        . = ALIGN (0x4)

.preinit_array  0x08005750        0x0
                0x08005750                        . = ALIGN (0x4)
                0x08005750                        PROVIDE (__preinit_array_start = .)
 *(.preinit_array*)
                0x08005750                        PROVIDE (__preinit_array_end = .)
                0x08005750                        . = ALIGN (0x4)

.init_array     0x08005750        0x4
                0x08005750                        . = ALIGN (0x4)
                0x08005750                        PROVIDE (__init_array_start = .)
 *(SORT_BY_NAME(.init_array.*))
 *(.init_array*)
 .init_array    0x08005750        0x4 C:/Users/ponsg/OneDrive/Desktop/STM32CubeIDE_1.16.1/STM32CubeIDE/plugins/com.st.stm32cube.ide.mcu.externaltools.gnu-tools-for-stm32.12.3.rel1.win32_1.0.200.202406191623/tools/bin/../lib/gcc/arm-none-eabi/12.3.1/thumb/v7-m/nofp/crtbegin.o
                0x08005754                        PROVIDE (__init_array_end = .)
                0x08005754                        . = ALIGN (0x4)

.fini_array     0x08005754        0x4
                0x08005754                        . = ALIGN (0x4)
                [!provide]                        PROVIDE (__fini_array_start = .)
 *(SORT_BY_NAME(.fini_array.*))
 *(.fini_array*)
 .fini_array    0x08005754        0x4 C:/Users/ponsg/OneDrive/Desktop/STM32CubeIDE_1.16.1/STM32CubeIDE/plugins/com.st.stm32cube.ide.mcu.externaltools.gnu-tools-for-stm32.12.3.rel1.win32_1.0.200.202406191623/tools/bin/../lib/gcc/arm-none-eabi/12.3.1/thumb/v7-m/nofp/crtbegin.o
                [!provide]                        PROVIDE (__fini_array_end = .)
                0x08005758                        . = ALIGN (0x4)
                0x08005758                        _sidata = LOADADDR (.data)

.rel.dyn        0x08005758        0x0
 .rel.iplt      0x08005758        0x0 C:/Users/ponsg/OneDrive/Desktop/STM32CubeIDE_1.16.1/STM32CubeIDE/plugins/com.st.stm32cube.ide.mcu.externaltools.gnu-tools-for-stm32.12.3.rel1.win32_1.0.200.202406191623/tools/bin/../lib/gcc/arm-none-eabi/12.3.1/thumb/v7-m/nofp/crtbegin.o

.data           0x20000000        0xc load address 0x08005758
                0x20000000                        . = ALIGN (0x4)
                0x20000000                        _sdata = .
 *(.data)
 *(.data*)
 .data.SystemCoreClock
                0x20000000        0x4 ./Core/Src/system_stm32l1xx.o
                0x20000000                SystemCoreClock
 .data.uwTickPrio
                0x20000004        0x4 ./Drivers/STM32L1xx_HAL_Driver/Src/stm32l1xx_hal.o
                0x20000004                uwTickPrio
 .data.uwTickFreq
                0x20000008        0x4 ./Drivers/STM32L1xx_HAL_Driver/Src/stm32l1xx_hal.o
                0x20000008                uwTickFreq
 *(.RamFunc)
 *(.RamFunc*)
                0x2000000c                        . = ALIGN (0x4)
                0x2000000c                        _edata = .

.igot.plt       0x2000000c        0x0 load address 0x08005764
 .igot.plt      0x2000000c        0x0 C:/Users/ponsg/OneDrive/Desktop/STM32CubeIDE_1.16.1/STM32CubeIDE/plugins/com.st.stm32cube.ide.mcu.externaltools.gnu-tools-for-stm32.12.3.rel1.win32_1.0.200.202406191623/tools/bin/../lib/gcc/arm-none-eabi/12.3.1/thumb/v7-m/nofp/crtbegin.o
                0x2000000c                        . = ALIGN (0x4)

.bss            0x2000000c      0x198 load address 0x08005764
                0x2000000c                        _sbss = .
                0x2000000c                        __bss_start__ = _sbss
 *(.bss)
 .bss           0x2000000c       0x1c C:/Users/ponsg/OneDrive/Desktop/STM32CubeIDE_1.16.1/STM32CubeIDE/plugins/com.st.stm32cube.ide.mcu.externaltools.gnu-tools-for-stm32.12.3.rel1.win32_1.0.200.202406191623/tools/bin/../lib/gcc/arm-none-eabi/12.3.1/thumb/v7-m/nofp/crtbegin.o
 *(.bss*)
 .bss.hadc      0x20000028       0x54 ./Core/Src/main.o
                0x20000028                hadc
 .bss.htim2     0x2000007c       0x40 ./Core/Src/main.o
                0x2000007c                htim2
 .bss.htim3     0x200000bc       0x40 ./Core/Src/main.o
                0x200000bc                htim3
 .bss.htim4     0x200000fc       0x40 ./Core/Src/main.o
                0x200000fc                htim4
 .bss.huart1    0x2000013c       0x48 ./Core/Src/main.o
                0x2000013c                huart1
 .bss.IC_Val1   0x20000184        0x4 ./Core/Src/main.o
                0x20000184                IC_Val1
 .bss.IC_Val2   0x20000188        0x4 ./Core/Src/main.o
                0x20000188                IC_Val2
 .bss.Difference
                0x2000018c        0x4 ./Core/Src/main.o
                0x2000018c                Difference
 .bss.Is_First_Captured
                0x20000190        0x1 ./Core/Src/main.o
                0x20000190                Is_First_Captured
 *fill*         0x20000191        0x3 
 .bss.Distance  0x20000194        0x4 ./Core/Src/main.o
                0x20000194                Distance
 .bss.AdcValue  0x20000198        0x4 ./Core/Src/main.o
                0x20000198                AdcValue
 .bss.manualMode
                0x2000019c        0x1 ./Core/Src/main.o
                0x2000019c                manualMode
 .bss.rxData    0x2000019d        0x1 ./Core/Src/main.o
                0x2000019d                rxData
 *fill*         0x2000019e        0x2 
 .bss.uwTick    0x200001a0        0x4 ./Drivers/STM32L1xx_HAL_Driver/Src/stm32l1xx_hal.o
                0x200001a0                uwTick
 *(COMMON)
                0x200001a4                        . = ALIGN (0x4)
                0x200001a4                        _ebss = .
                0x200001a4                        __bss_end__ = _ebss

._user_heap_stack
                0x200001a4      0x604 load address 0x08005764
                0x200001a8                        . = ALIGN (0x8)
 *fill*         0x200001a4        0x4 
                [!provide]                        PROVIDE (end = .)
                0x200001a8                        PROVIDE (_end = .)
                0x200003a8                        . = (. + _Min_Heap_Size)
 *fill*         0x200001a8      0x200 
                0x200007a8                        . = (. + _Min_Stack_Size)
 *fill*         0x200003a8      0x400 
                0x200007a8                        . = ALIGN (0x8)

/DISCARD/
 libc.a(*)
 libm.a(*)
 libgcc.a(*)

.ARM.attributes
                0x00000000       0x29
 *(.ARM.attributes)
 .ARM.attributes
                0x00000000       0x1d C:/Users/ponsg/OneDrive/Desktop/STM32CubeIDE_1.16.1/STM32CubeIDE/plugins/com.st.stm32cube.ide.mcu.externaltools.gnu-tools-for-stm32.12.3.rel1.win32_1.0.200.202406191623/tools/bin/../lib/gcc/arm-none-eabi/12.3.1/thumb/v7-m/nofp/crti.o
 .ARM.attributes
                0x0000001d       0x2d C:/Users/ponsg/OneDrive/Desktop/STM32CubeIDE_1.16.1/STM32CubeIDE/plugins/com.st.stm32cube.ide.mcu.externaltools.gnu-tools-for-stm32.12.3.rel1.win32_1.0.200.202406191623/tools/bin/../lib/gcc/arm-none-eabi/12.3.1/thumb/v7-m/nofp/crtbegin.o
 .ARM.attributes
                0x0000004a       0x2d ./Core/Src/main.o
 .ARM.attributes
                0x00000077       0x2d ./Core/Src/stm32l1xx_hal_msp.o
 .ARM.attributes
                0x000000a4       0x2d ./Core/Src/stm32l1xx_it.o
 .ARM.attributes
                0x000000d1       0x2d ./Core/Src/system_stm32l1xx.o
 .ARM.attributes
                0x000000fe       0x21 ./Core/Startup/startup_stm32l152retx.o
 .ARM.attributes
                0x0000011f       0x2d ./Drivers/STM32L1xx_HAL_Driver/Src/stm32l1xx_hal.o
 .ARM.attributes
                0x0000014c       0x2d ./Drivers/STM32L1xx_HAL_Driver/Src/stm32l1xx_hal_adc.o
 .ARM.attributes
                0x00000179       0x2d ./Drivers/STM32L1xx_HAL_Driver/Src/stm32l1xx_hal_cortex.o
 .ARM.attributes
                0x000001a6       0x2d ./Drivers/STM32L1xx_HAL_Driver/Src/stm32l1xx_hal_dma.o
 .ARM.attributes
                0x000001d3       0x2d ./Drivers/STM32L1xx_HAL_Driver/Src/stm32l1xx_hal_gpio.o
 .ARM.attributes
                0x00000200       0x2d ./Drivers/STM32L1xx_HAL_Driver/Src/stm32l1xx_hal_rcc.o
 .ARM.attributes
                0x0000022d       0x2d ./Drivers/STM32L1xx_HAL_Driver/Src/stm32l1xx_hal_tim.o
 .ARM.attributes
                0x0000025a       0x2d ./Drivers/STM32L1xx_HAL_Driver/Src/stm32l1xx_hal_tim_ex.o
 .ARM.attributes
                0x00000287       0x2d ./Drivers/STM32L1xx_HAL_Driver/Src/stm32l1xx_hal_uart.o
 .ARM.attributes
                0x000002b4       0x2d C:/Users/ponsg/OneDrive/Desktop/STM32CubeIDE_1.16.1/STM32CubeIDE/plugins/com.st.stm32cube.ide.mcu.externaltools.gnu-tools-for-stm32.12.3.rel1.win32_1.0.200.202406191623/tools/bin/../lib/gcc/arm-none-eabi/12.3.1/../../../../arm-none-eabi/lib/thumb/v7-m/nofp\libc_nano.a(libc_a-memset.o)
 .ARM.attributes
                0x000002e1       0x2d C:/Users/ponsg/OneDrive/Desktop/STM32CubeIDE_1.16.1/STM32CubeIDE/plugins/com.st.stm32cube.ide.mcu.externaltools.gnu-tools-for-stm32.12.3.rel1.win32_1.0.200.202406191623/tools/bin/../lib/gcc/arm-none-eabi/12.3.1/../../../../arm-none-eabi/lib/thumb/v7-m/nofp\libc_nano.a(libc_a-init.o)
 .ARM.attributes
                0x0000030e       0x1d C:/Users/ponsg/OneDrive/Desktop/STM32CubeIDE_1.16.1/STM32CubeIDE/plugins/com.st.stm32cube.ide.mcu.externaltools.gnu-tools-for-stm32.12.3.rel1.win32_1.0.200.202406191623/tools/bin/../lib/gcc/arm-none-eabi/12.3.1/thumb/v7-m/nofp\libgcc.a(_aeabi_uldivmod.o)
 .ARM.attributes
                0x0000032b       0x2d C:/Users/ponsg/OneDrive/Desktop/STM32CubeIDE_1.16.1/STM32CubeIDE/plugins/com.st.stm32cube.ide.mcu.externaltools.gnu-tools-for-stm32.12.3.rel1.win32_1.0.200.202406191623/tools/bin/../lib/gcc/arm-none-eabi/12.3.1/thumb/v7-m/nofp\libgcc.a(_udivmoddi4.o)
 .ARM.attributes
                0x00000358       0x1d C:/Users/ponsg/OneDrive/Desktop/STM32CubeIDE_1.16.1/STM32CubeIDE/plugins/com.st.stm32cube.ide.mcu.externaltools.gnu-tools-for-stm32.12.3.rel1.win32_1.0.200.202406191623/tools/bin/../lib/gcc/arm-none-eabi/12.3.1/thumb/v7-m/nofp\libgcc.a(_dvmd_tls.o)
 .ARM.attributes
                0x00000375       0x1d C:/Users/ponsg/OneDrive/Desktop/STM32CubeIDE_1.16.1/STM32CubeIDE/plugins/com.st.stm32cube.ide.mcu.externaltools.gnu-tools-for-stm32.12.3.rel1.win32_1.0.200.202406191623/tools/bin/../lib/gcc/arm-none-eabi/12.3.1/thumb/v7-m/nofp/crtn.o
OUTPUT(FINAL_PROJECT_CAR.elf elf32-littlearm)
LOAD linker stubs
LOAD C:/Users/ponsg/OneDrive/Desktop/STM32CubeIDE_1.16.1/STM32CubeIDE/plugins/com.st.stm32cube.ide.mcu.externaltools.gnu-tools-for-stm32.12.3.rel1.win32_1.0.200.202406191623/tools/bin/../lib/gcc/arm-none-eabi/12.3.1/../../../../arm-none-eabi/lib/thumb/v7-m/nofp\libc.a
LOAD C:/Users/ponsg/OneDrive/Desktop/STM32CubeIDE_1.16.1/STM32CubeIDE/plugins/com.st.stm32cube.ide.mcu.externaltools.gnu-tools-for-stm32.12.3.rel1.win32_1.0.200.202406191623/tools/bin/../lib/gcc/arm-none-eabi/12.3.1/../../../../arm-none-eabi/lib/thumb/v7-m/nofp\libm.a
LOAD C:/Users/ponsg/OneDrive/Desktop/STM32CubeIDE_1.16.1/STM32CubeIDE/plugins/com.st.stm32cube.ide.mcu.externaltools.gnu-tools-for-stm32.12.3.rel1.win32_1.0.200.202406191623/tools/bin/../lib/gcc/arm-none-eabi/12.3.1/thumb/v7-m/nofp\libgcc.a

.debug_info     0x00000000     0xcc26
 .debug_info    0x00000000     0x1815 ./Core/Src/main.o
 .debug_info    0x00001815     0x11e1 ./Core/Src/stm32l1xx_hal_msp.o
 .debug_info    0x000029f6      0x963 ./Core/Src/stm32l1xx_it.o
 .debug_info    0x00003359      0x27c ./Core/Src/system_stm32l1xx.o
 .debug_info    0x000035d5       0x30 ./Core/Startup/startup_stm32l152retx.o
 .debug_info    0x00003605      0x6ef ./Drivers/STM32L1xx_HAL_Driver/Src/stm32l1xx_hal.o
 .debug_info    0x00003cf4      0xe77 ./Drivers/STM32L1xx_HAL_Driver/Src/stm32l1xx_hal_adc.o
 .debug_info    0x00004b6b      0xcb0 ./Drivers/STM32L1xx_HAL_Driver/Src/stm32l1xx_hal_cortex.o
 .debug_info    0x0000581b      0x6c7 ./Drivers/STM32L1xx_HAL_Driver/Src/stm32l1xx_hal_dma.o
 .debug_info    0x00005ee2      0x5b2 ./Drivers/STM32L1xx_HAL_Driver/Src/stm32l1xx_hal_gpio.o
 .debug_info    0x00006494      0x991 ./Drivers/STM32L1xx_HAL_Driver/Src/stm32l1xx_hal_rcc.o
 .debug_info    0x00006e25     0x27af ./Drivers/STM32L1xx_HAL_Driver/Src/stm32l1xx_hal_tim.o
 .debug_info    0x000095d4      0x6a8 ./Drivers/STM32L1xx_HAL_Driver/Src/stm32l1xx_hal_tim_ex.o
 .debug_info    0x00009c7c     0x2faa ./Drivers/STM32L1xx_HAL_Driver/Src/stm32l1xx_hal_uart.o

.debug_abbrev   0x00000000     0x1d4c
 .debug_abbrev  0x00000000      0x2f6 ./Core/Src/main.o
 .debug_abbrev  0x000002f6      0x202 ./Core/Src/stm32l1xx_hal_msp.o
 .debug_abbrev  0x000004f8      0x198 ./Core/Src/stm32l1xx_it.o
 .debug_abbrev  0x00000690      0x11c ./Core/Src/system_stm32l1xx.o
 .debug_abbrev  0x000007ac       0x24 ./Core/Startup/startup_stm32l152retx.o
 .debug_abbrev  0x000007d0      0x275 ./Drivers/STM32L1xx_HAL_Driver/Src/stm32l1xx_hal.o
 .debug_abbrev  0x00000a45      0x296 ./Drivers/STM32L1xx_HAL_Driver/Src/stm32l1xx_hal_adc.o
 .debug_abbrev  0x00000cdb      0x327 ./Drivers/STM32L1xx_HAL_Driver/Src/stm32l1xx_hal_cortex.o
 .debug_abbrev  0x00001002      0x201 ./Drivers/STM32L1xx_HAL_Driver/Src/stm32l1xx_hal_dma.o
 .debug_abbrev  0x00001203      0x1d4 ./Drivers/STM32L1xx_HAL_Driver/Src/stm32l1xx_hal_gpio.o
 .debug_abbrev  0x000013d7      0x2b8 ./Drivers/STM32L1xx_HAL_Driver/Src/stm32l1xx_hal_rcc.o
 .debug_abbrev  0x0000168f      0x25e ./Drivers/STM32L1xx_HAL_Driver/Src/stm32l1xx_hal_tim.o
 .debug_abbrev  0x000018ed      0x168 ./Drivers/STM32L1xx_HAL_Driver/Src/stm32l1xx_hal_tim_ex.o
 .debug_abbrev  0x00001a55      0x2f7 ./Drivers/STM32L1xx_HAL_Driver/Src/stm32l1xx_hal_uart.o

.debug_aranges  0x00000000      0xc20
 .debug_aranges
                0x00000000       0xa8 ./Core/Src/main.o
 .debug_aranges
                0x000000a8       0x58 ./Core/Src/stm32l1xx_hal_msp.o
 .debug_aranges
                0x00000100       0x80 ./Core/Src/stm32l1xx_it.o
 .debug_aranges
                0x00000180       0x28 ./Core/Src/system_stm32l1xx.o
 .debug_aranges
                0x000001a8       0x28 ./Core/Startup/startup_stm32l152retx.o
 .debug_aranges
                0x000001d0       0xe0 ./Drivers/STM32L1xx_HAL_Driver/Src/stm32l1xx_hal.o
 .debug_aranges
                0x000002b0       0xf0 ./Drivers/STM32L1xx_HAL_Driver/Src/stm32l1xx_hal_adc.o
 .debug_aranges
                0x000003a0      0x118 ./Drivers/STM32L1xx_HAL_Driver/Src/stm32l1xx_hal_cortex.o
 .debug_aranges
                0x000004b8       0x80 ./Drivers/STM32L1xx_HAL_Driver/Src/stm32l1xx_hal_dma.o
 .debug_aranges
                0x00000538       0x58 ./Drivers/STM32L1xx_HAL_Driver/Src/stm32l1xx_hal_gpio.o
 .debug_aranges
                0x00000590       0x90 ./Drivers/STM32L1xx_HAL_Driver/Src/stm32l1xx_hal_rcc.o
 .debug_aranges
                0x00000620      0x3d0 ./Drivers/STM32L1xx_HAL_Driver/Src/stm32l1xx_hal_tim.o
 .debug_aranges
                0x000009f0       0x28 ./Drivers/STM32L1xx_HAL_Driver/Src/stm32l1xx_hal_tim_ex.o
 .debug_aranges
                0x00000a18      0x208 ./Drivers/STM32L1xx_HAL_Driver/Src/stm32l1xx_hal_uart.o

.debug_rnglists
                0x00000000      0x96e
 .debug_rnglists
                0x00000000       0x83 ./Core/Src/main.o
 .debug_rnglists
                0x00000083       0x42 ./Core/Src/stm32l1xx_hal_msp.o
 .debug_rnglists
                0x000000c5       0x5b ./Core/Src/stm32l1xx_it.o
 .debug_rnglists
                0x00000120       0x1a ./Core/Src/system_stm32l1xx.o
 .debug_rnglists
                0x0000013a       0x19 ./Core/Startup/startup_stm32l152retx.o
 .debug_rnglists
                0x00000153       0xa3 ./Drivers/STM32L1xx_HAL_Driver/Src/stm32l1xx_hal.o
 .debug_rnglists
                0x000001f6       0xbd ./Drivers/STM32L1xx_HAL_Driver/Src/stm32l1xx_hal_adc.o
 .debug_rnglists
                0x000002b3       0xce ./Drivers/STM32L1xx_HAL_Driver/Src/stm32l1xx_hal_cortex.o
 .debug_rnglists
                0x00000381       0x64 ./Drivers/STM32L1xx_HAL_Driver/Src/stm32l1xx_hal_dma.o
 .debug_rnglists
                0x000003e5       0x3f ./Drivers/STM32L1xx_HAL_Driver/Src/stm32l1xx_hal_gpio.o
 .debug_rnglists
                0x00000424       0x6d ./Drivers/STM32L1xx_HAL_Driver/Src/stm32l1xx_hal_rcc.o
 .debug_rnglists
                0x00000491      0x307 ./Drivers/STM32L1xx_HAL_Driver/Src/stm32l1xx_hal_tim.o
 .debug_rnglists
                0x00000798       0x1a ./Drivers/STM32L1xx_HAL_Driver/Src/stm32l1xx_hal_tim_ex.o
 .debug_rnglists
                0x000007b2      0x1bc ./Drivers/STM32L1xx_HAL_Driver/Src/stm32l1xx_hal_uart.o

.debug_macro    0x00000000    0x15f1e
 .debug_macro   0x00000000      0x244 ./Core/Src/main.o
 .debug_macro   0x00000244      0xaa8 ./Core/Src/main.o
 .debug_macro   0x00000cec      0x115 ./Core/Src/main.o
 .debug_macro   0x00000e01       0x2e ./Core/Src/main.o
 .debug_macro   0x00000e2f       0x22 ./Core/Src/main.o
 .debug_macro   0x00000e51       0x22 ./Core/Src/main.o
 .debug_macro   0x00000e73       0x8e ./Core/Src/main.o
 .debug_macro   0x00000f01       0x51 ./Core/Src/main.o
 .debug_macro   0x00000f52      0x103 ./Core/Src/main.o
 .debug_macro   0x00001055       0x6a ./Core/Src/main.o
 .debug_macro   0x000010bf      0x1df ./Core/Src/main.o
 .debug_macro   0x0000129e       0x1c ./Core/Src/main.o
 .debug_macro   0x000012ba       0x22 ./Core/Src/main.o
 .debug_macro   0x000012dc       0xbd ./Core/Src/main.o
 .debug_macro   0x00001399      0xe49 ./Core/Src/main.o
 .debug_macro   0x000021e2      0x11f ./Core/Src/main.o
 .debug_macro   0x00002301     0xb56a ./Core/Src/main.o
 .debug_macro   0x0000d86b       0x6d ./Core/Src/main.o
 .debug_macro   0x0000d8d8     0x34cc ./Core/Src/main.o
 .debug_macro   0x00010da4      0x189 ./Core/Src/main.o
 .debug_macro   0x00010f2d       0x5b ./Core/Src/main.o
 .debug_macro   0x00010f88      0xe37 ./Core/Src/main.o
 .debug_macro   0x00011dbf      0x35b ./Core/Src/main.o
 .debug_macro   0x0001211a      0x1b8 ./Core/Src/main.o
 .debug_macro   0x000122d2       0xc5 ./Core/Src/main.o
 .debug_macro   0x00012397      0x21e ./Core/Src/main.o
 .debug_macro   0x000125b5      0x236 ./Core/Src/main.o
 .debug_macro   0x000127eb      0x685 ./Core/Src/main.o
 .debug_macro   0x00012e70      0x16b ./Core/Src/main.o
 .debug_macro   0x00012fdb      0x115 ./Core/Src/main.o
 .debug_macro   0x000130f0      0x567 ./Core/Src/main.o
 .debug_macro   0x00013657      0x1e9 ./Core/Src/main.o
 .debug_macro   0x00013840       0x22 ./Core/Src/main.o
 .debug_macro   0x00013862      0x788 ./Core/Src/main.o
 .debug_macro   0x00013fea       0xac ./Core/Src/main.o
 .debug_macro   0x00014096      0x2aa ./Core/Src/main.o
 .debug_macro   0x00014340      0x170 ./Core/Src/main.o
 .debug_macro   0x000144b0      0x492 ./Core/Src/main.o
 .debug_macro   0x00014942       0x34 ./Core/Src/main.o
 .debug_macro   0x00014976      0x1d2 ./Core/Src/stm32l1xx_hal_msp.o
 .debug_macro   0x00014b48      0x1dc ./Core/Src/stm32l1xx_it.o
 .debug_macro   0x00014d24      0x1c3 ./Core/Src/system_stm32l1xx.o
 .debug_macro   0x00014ee7      0x1e7 ./Drivers/STM32L1xx_HAL_Driver/Src/stm32l1xx_hal.o
 .debug_macro   0x000150ce      0x1e0 ./Drivers/STM32L1xx_HAL_Driver/Src/stm32l1xx_hal_adc.o
 .debug_macro   0x000152ae      0x1c3 ./Drivers/STM32L1xx_HAL_Driver/Src/stm32l1xx_hal_cortex.o
 .debug_macro   0x00015471      0x1c3 ./Drivers/STM32L1xx_HAL_Driver/Src/stm32l1xx_hal_dma.o
 .debug_macro   0x00015634      0x1ca ./Drivers/STM32L1xx_HAL_Driver/Src/stm32l1xx_hal_gpio.o
 .debug_macro   0x000157fe      0x1d5 ./Drivers/STM32L1xx_HAL_Driver/Src/stm32l1xx_hal_rcc.o
 .debug_macro   0x000159d3      0x1c4 ./Drivers/STM32L1xx_HAL_Driver/Src/stm32l1xx_hal_tim.o
 .debug_macro   0x00015b97      0x1c3 ./Drivers/STM32L1xx_HAL_Driver/Src/stm32l1xx_hal_tim_ex.o
 .debug_macro   0x00015d5a      0x1c4 ./Drivers/STM32L1xx_HAL_Driver/Src/stm32l1xx_hal_uart.o

.debug_line     0x00000000     0xd459
 .debug_line    0x00000000      0xc83 ./Core/Src/main.o
 .debug_line    0x00000c83      0x8dd ./Core/Src/stm32l1xx_hal_msp.o
 .debug_line    0x00001560      0x860 ./Core/Src/stm32l1xx_it.o
 .debug_line    0x00001dc0      0x7de ./Core/Src/system_stm32l1xx.o
 .debug_line    0x0000259e       0x79 ./Core/Startup/startup_stm32l152retx.o
 .debug_line    0x00002617      0xa01 ./Drivers/STM32L1xx_HAL_Driver/Src/stm32l1xx_hal.o
 .debug_line    0x00003018      0xff4 ./Drivers/STM32L1xx_HAL_Driver/Src/stm32l1xx_hal_adc.o
 .debug_line    0x0000400c      0xccc ./Drivers/STM32L1xx_HAL_Driver/Src/stm32l1xx_hal_cortex.o
 .debug_line    0x00004cd8      0xc8a ./Drivers/STM32L1xx_HAL_Driver/Src/stm32l1xx_hal_dma.o
 .debug_line    0x00005962      0xa79 ./Drivers/STM32L1xx_HAL_Driver/Src/stm32l1xx_hal_gpio.o
 .debug_line    0x000063db      0xf09 ./Drivers/STM32L1xx_HAL_Driver/Src/stm32l1xx_hal_rcc.o
 .debug_line    0x000072e4     0x301a ./Drivers/STM32L1xx_HAL_Driver/Src/stm32l1xx_hal_tim.o
 .debug_line    0x0000a2fe      0x810 ./Drivers/STM32L1xx_HAL_Driver/Src/stm32l1xx_hal_tim_ex.o
 .debug_line    0x0000ab0e     0x294b ./Drivers/STM32L1xx_HAL_Driver/Src/stm32l1xx_hal_uart.o

.debug_str      0x00000000    0x8eb96
 .debug_str     0x00000000    0x8c396 ./Core/Src/main.o
                              0x8c72c (size before relaxing)
 .debug_str     0x0008c396      0x478 ./Core/Src/stm32l1xx_hal_msp.o
                              0x8c2f4 (size before relaxing)
 .debug_str     0x0008c80e      0x132 ./Core/Src/stm32l1xx_it.o
                              0x8bce5 (size before relaxing)
 .debug_str     0x0008c940       0x99 ./Core/Src/system_stm32l1xx.o
                              0x8b53b (size before relaxing)
 .debug_str     0x0008c9d9       0x44 ./Core/Startup/startup_stm32l152retx.o
                                 0x89 (size before relaxing)
 .debug_str     0x0008ca1d      0x2fe ./Drivers/STM32L1xx_HAL_Driver/Src/stm32l1xx_hal.o
                              0x8bc60 (size before relaxing)
 .debug_str     0x0008cd1b      0x30d ./Drivers/STM32L1xx_HAL_Driver/Src/stm32l1xx_hal_adc.o
                              0x8bcca (size before relaxing)
 .debug_str     0x0008d028      0x3ac ./Drivers/STM32L1xx_HAL_Driver/Src/stm32l1xx_hal_cortex.o
                              0x8bd3a (size before relaxing)
 .debug_str     0x0008d3d4      0x233 ./Drivers/STM32L1xx_HAL_Driver/Src/stm32l1xx_hal_dma.o
                              0x8b8c0 (size before relaxing)
 .debug_str     0x0008d607      0x116 ./Drivers/STM32L1xx_HAL_Driver/Src/stm32l1xx_hal_gpio.o
                              0x8b6ce (size before relaxing)
 .debug_str     0x0008d71d      0x281 ./Drivers/STM32L1xx_HAL_Driver/Src/stm32l1xx_hal_rcc.o
                              0x8b9f7 (size before relaxing)
 .debug_str     0x0008d99e      0xbe3 ./Drivers/STM32L1xx_HAL_Driver/Src/stm32l1xx_hal_tim.o
                              0x8c82e (size before relaxing)
 .debug_str     0x0008e581       0x57 ./Drivers/STM32L1xx_HAL_Driver/Src/stm32l1xx_hal_tim_ex.o
                              0x8b9e3 (size before relaxing)
 .debug_str     0x0008e5d8      0x5be ./Drivers/STM32L1xx_HAL_Driver/Src/stm32l1xx_hal_uart.o
                              0x8bfa0 (size before relaxing)

.comment        0x00000000       0x43
 .comment       0x00000000       0x43 ./Core/Src/main.o
                                 0x44 (size before relaxing)
 .comment       0x00000043       0x44 ./Core/Src/stm32l1xx_hal_msp.o
 .comment       0x00000043       0x44 ./Core/Src/stm32l1xx_it.o
 .comment       0x00000043       0x44 ./Core/Src/system_stm32l1xx.o
 .comment       0x00000043       0x44 ./Drivers/STM32L1xx_HAL_Driver/Src/stm32l1xx_hal.o
 .comment       0x00000043       0x44 ./Drivers/STM32L1xx_HAL_Driver/Src/stm32l1xx_hal_adc.o
 .comment       0x00000043       0x44 ./Drivers/STM32L1xx_HAL_Driver/Src/stm32l1xx_hal_cortex.o
 .comment       0x00000043       0x44 ./Drivers/STM32L1xx_HAL_Driver/Src/stm32l1xx_hal_dma.o
 .comment       0x00000043       0x44 ./Drivers/STM32L1xx_HAL_Driver/Src/stm32l1xx_hal_gpio.o
 .comment       0x00000043       0x44 ./Drivers/STM32L1xx_HAL_Driver/Src/stm32l1xx_hal_rcc.o
 .comment       0x00000043       0x44 ./Drivers/STM32L1xx_HAL_Driver/Src/stm32l1xx_hal_tim.o
 .comment       0x00000043       0x44 ./Drivers/STM32L1xx_HAL_Driver/Src/stm32l1xx_hal_tim_ex.o
 .comment       0x00000043       0x44 ./Drivers/STM32L1xx_HAL_Driver/Src/stm32l1xx_hal_uart.o

.debug_frame    0x00000000     0x32c8
 .debug_frame   0x00000000      0x274 ./Core/Src/main.o
 .debug_frame   0x00000274      0x130 ./Core/Src/stm32l1xx_hal_msp.o
 .debug_frame   0x000003a4      0x174 ./Core/Src/stm32l1xx_it.o
 .debug_frame   0x00000518       0x58 ./Core/Src/system_stm32l1xx.o
 .debug_frame   0x00000570      0x33c ./Drivers/STM32L1xx_HAL_Driver/Src/stm32l1xx_hal.o
 .debug_frame   0x000008ac      0x40c ./Drivers/STM32L1xx_HAL_Driver/Src/stm32l1xx_hal_adc.o
 .debug_frame   0x00000cb8      0x498 ./Drivers/STM32L1xx_HAL_Driver/Src/stm32l1xx_hal_cortex.o
 .debug_frame   0x00001150      0x204 ./Drivers/STM32L1xx_HAL_Driver/Src/stm32l1xx_hal_dma.o
 .debug_frame   0x00001354      0x14c ./Drivers/STM32L1xx_HAL_Driver/Src/stm32l1xx_hal_gpio.o
 .debug_frame   0x000014a0      0x224 ./Drivers/STM32L1xx_HAL_Driver/Src/stm32l1xx_hal_rcc.o
 .debug_frame   0x000016c4     0x11b4 ./Drivers/STM32L1xx_HAL_Driver/Src/stm32l1xx_hal_tim.o
 .debug_frame   0x00002878       0x60 ./Drivers/STM32L1xx_HAL_Driver/Src/stm32l1xx_hal_tim_ex.o
 .debug_frame   0x000028d8      0x944 ./Drivers/STM32L1xx_HAL_Driver/Src/stm32l1xx_hal_uart.o
 .debug_frame   0x0000321c       0x20 C:/Users/ponsg/OneDrive/Desktop/STM32CubeIDE_1.16.1/STM32CubeIDE/plugins/com.st.stm32cube.ide.mcu.externaltools.gnu-tools-for-stm32.12.3.rel1.win32_1.0.200.202406191623/tools/bin/../lib/gcc/arm-none-eabi/12.3.1/../../../../arm-none-eabi/lib/thumb/v7-m/nofp\libc_nano.a(libc_a-memset.o)
 .debug_frame   0x0000323c       0x2c C:/Users/ponsg/OneDrive/Desktop/STM32CubeIDE_1.16.1/STM32CubeIDE/plugins/com.st.stm32cube.ide.mcu.externaltools.gnu-tools-for-stm32.12.3.rel1.win32_1.0.200.202406191623/tools/bin/../lib/gcc/arm-none-eabi/12.3.1/../../../../arm-none-eabi/lib/thumb/v7-m/nofp\libc_nano.a(libc_a-init.o)
 .debug_frame   0x00003268       0x2c C:/Users/ponsg/OneDrive/Desktop/STM32CubeIDE_1.16.1/STM32CubeIDE/plugins/com.st.stm32cube.ide.mcu.externaltools.gnu-tools-for-stm32.12.3.rel1.win32_1.0.200.202406191623/tools/bin/../lib/gcc/arm-none-eabi/12.3.1/thumb/v7-m/nofp\libgcc.a(_aeabi_uldivmod.o)
 .debug_frame   0x00003294       0x34 C:/Users/ponsg/OneDrive/Desktop/STM32CubeIDE_1.16.1/STM32CubeIDE/plugins/com.st.stm32cube.ide.mcu.externaltools.gnu-tools-for-stm32.12.3.rel1.win32_1.0.200.202406191623/tools/bin/../lib/gcc/arm-none-eabi/12.3.1/thumb/v7-m/nofp\libgcc.a(_udivmoddi4.o)

.debug_line_str
                0x00000000       0x6d
 .debug_line_str
                0x00000000       0x6d ./Core/Startup/startup_stm32l152retx.o
