../Core/Src/main.c:97:6:motors_forward	16	static
../Core/Src/main.c:108:6:motors_backward	16	static
../Core/Src/main.c:119:6:motors_turn_right	16	static
../Core/Src/main.c:130:6:motors_turn_left	16	static
../Core/Src/main.c:141:6:motors_stop	8	static
../Core/Src/main.c:151:6:HAL_TIM_PeriodElapsedCallback	16	static
../Core/Src/main.c:180:6:HAL_UART_RxCpltCallback	24	static
../Core/Src/main.c:251:6:HAL_TIM_IC_CaptureCallback	16	static
../Core/Src/main.c:301:6:HCSR04_Start	8	static
../Core/Src/main.c:312:5:main	48	static
../Core/Src/main.c:388:6:SystemClock_Config	80	static
../Core/Src/main.c:432:13:MX_ADC_Init	24	static
../Core/Src/main.c:487:13:MX_TIM2_Init	64	static
../Core/Src/main.c:558:13:MX_TIM3_Init	48	static
../Core/Src/main.c:626:13:MX_TIM4_Init	48	static
../Core/Src/main.c:685:13:MX_USART1_UART_Init	8	static
../Core/Src/main.c:718:13:MX_GPIO_Init	48	static
../Core/Src/main.c:768:6:Error_Handler	4	static,ignoring_inline_asm
